###############################################################################
#                                                                             #
# IAR C/C++ Compiler V1.31.1.20058 [Evaluation] for STM831/May/2019  19:04:44 #
# Copyright 2010-2012 IAR Systems AB.                                         #
#                                                                             #
#    Source file  =  E:\Desktop\J19B_4E\USR\main.c                            #
#    Command line =  E:\Desktop\J19B_4E\USR\main.c -e -Ol --no_cse            #
#                    --no_unroll --no_inline --no_code_motion --no_tbaa       #
#                    --no_cross_call --debug --code_model small --data_model  #
#                    medium -o E:\Desktop\J19B_4E\Debug\Obj\ --dlib_config    #
#                    "D:\Program Files (x86)\IAR Systems\Embedded Workbench   #
#                    6.0 Evaluation\stm8\LIB\dlstm8smf.h" -lcN                #
#                    E:\Desktop\J19B_4E\Debug\List\ -lB                       #
#                    E:\Desktop\J19B_4E\Debug\List\ -I                        #
#                    E:\Desktop\J19B_4E\Lib\inc\ -I                           #
#                    E:\Desktop\J19B_4E\BSP\led\ -I                           #
#                    E:\Desktop\J19B_4E\BSP\uart\ -I                          #
#                    E:\Desktop\J19B_4E\BSP\AD7798\ -I                        #
#                    E:\Desktop\J19B_4E\BSP\spi\ -I E:\Desktop\J19B_4E\USR\   #
#                    -I E:\Desktop\J19B_4E\BSP\delay\ -I                      #
#                    E:\Desktop\J19B_4E\BSP\tim1\ --vregs 16                  #
#    List file    =  E:\Desktop\J19B_4E\Debug\List\main.lst                   #
#    Object file  =  E:\Desktop\J19B_4E\Debug\Obj\main.o                      #
#                                                                             #
#                                                                             #
###############################################################################

E:\Desktop\J19B_4E\USR\main.c
      1          #include "main.h"
      2          #include "stdio.h"
      3          #define abs(x) ((x>0)?(x):(-x))
      4          int main(void)
      5          {
      6            CLK_HSIPrescalerConfig(CLK_PRESCALER_HSIDIV1);
      7            SPI_conf();
      8            AD7798_Init();
      9            LED_conf();
     10            UART_Config();
     11            timer1_Init();
     12            enableInterrupts(); 
     13            while(1)
     14            {
     15              Delay_ms(1000);
     16            }
     17          }
     18          
     19          #ifdef USE_FULL_ASSERT
     20          
     21          /**
     22            * @brief  Reports the name of the source file and the source line number
     23            *   where the assert_param error has occurred.
     24            * @param file: pointer to the source file name
     25            * @param line: assert_param error line source number
     26            * @retval None
     27            */
     28          void assert_failed(uint8_t* file, uint32_t line)
     29          { 
     30            /* User can add his own implementation to report the file name and line number,
     31               ex: printf("Wrong parameters value: file %s on line %d\r\n", file, line) */
     32          
     33            /* Infinite loop */
     34            while (1)
     35            {
     36            }
     37          }
     38          #endif

   Section sizes:

     Function/Label Bytes
     -------------- -----
     main             28
     assert_failed     2

 
 30 bytes in section .near_func.text
 
 30 bytes of CODE memory

Errors: none
Warnings: none
