###############################################################################
#                                                                             #
# IAR ELF Linker V1.31.1.50058 for STM8                 31/May/2019  19:48:05 #
# Copyright 2010-2012 IAR Systems AB.                                         #
#                                                                             #
#    Output file  =  E:\Desktop\J19B_4E\Debug\Exe\STM8.out                    #
#    Map file     =  E:\Desktop\J19B_4E\Debug\List\STM8.map                   #
#    Command line =  E:\Desktop\J19B_4E\Debug\Obj\AD7798.o                    #
#                    E:\Desktop\J19B_4E\Debug\Obj\delay.o                     #
#                    E:\Desktop\J19B_4E\Debug\Obj\led.o                       #
#                    E:\Desktop\J19B_4E\Debug\Obj\main.o                      #
#                    E:\Desktop\J19B_4E\Debug\Obj\spi.o                       #
#                    E:\Desktop\J19B_4E\Debug\Obj\stm8s_clk.o                 #
#                    E:\Desktop\J19B_4E\Debug\Obj\stm8s_gpio.o                #
#                    E:\Desktop\J19B_4E\Debug\Obj\stm8s_it.o                  #
#                    E:\Desktop\J19B_4E\Debug\Obj\stm8s_spi.o                 #
#                    E:\Desktop\J19B_4E\Debug\Obj\stm8s_tim1.o                #
#                    E:\Desktop\J19B_4E\Debug\Obj\stm8s_uart1.o               #
#                    E:\Desktop\J19B_4E\Debug\Obj\tim1.o                      #
#                    E:\Desktop\J19B_4E\Debug\Obj\uart.o --redirect           #
#                    _Printf=_PrintfSmall --redirect _Scanf=_ScanfSmall -o    #
#                    E:\Desktop\J19B_4E\Debug\Exe\STM8.out --map              #
#                    E:\Desktop\J19B_4E\Debug\List\STM8.map --config          #
#                    "D:\Program Files (x86)\IAR Systems\Embedded Workbench   #
#                    6.0 Evaluation\stm8\config\lnkstm8s103f3.icf"            #
#                    --config_def _CSTACK_SIZE=0x100 --config_def             #
#                    _HEAP_SIZE=0x100 --entry __iar_program_start --debug_lib #
#                                                                             #
#                                                                             #
###############################################################################

*******************************************************************************
*** RUNTIME MODEL ATTRIBUTES
***

__Heap_Handler             = Basic
__SystemLibrary            = DLib
__code_model               = small
__core                     = stm8
__data_model               = medium
__dlib_file_descriptor     = 1
__dlib_full_locale_support = 1
__rt_version               = 4


*******************************************************************************
*** PLACEMENT SUMMARY
***

"A1":  place at start of [0x000000-0x0000ff] { rw section .vregs };
"A2":  place at end of [0x000000-0x0003ff] { block CSTACK };
"P2":  place in [from 0x000000 to 0x0003ff] {
          block HEAP, rw section .far.bss, rw section .far.data,
          rw section .far.noinit, rw section .far_func.textrw,
          rw section .huge.bss, rw section .huge.data, rw section .huge.noinit,
          rw section .huge_func.textrw, rw section .iar.dynexit,
          rw section .near.bss, rw section .near.data, rw section .near.noinit,
          rw section .near_func.textrw };
"A3":  place at start of [0x008000-0x009fff] { block INTVEC };
"P3":  place in [from 0x008000 to 0x009fff] {
          ro section .far.data_init, ro section .far_func.textrw_init,
          ro section .huge.data_init, ro section .huge_func.textrw_init,
          ro section .iar.init_table, ro section .init_array,
          ro section .near.data_init, ro section .near.rodata,
          ro section .near_func.text, ro section .near_func.textrw_init,
          ro section .tiny.data_init, ro section .tiny.rodata_init };

  Section            Kind      Address    Size  Object
  -------            ----      -------    ----  ------
"A1":                                     0x10
  .vregs             uninit   0x000000    0x10  vregs.o [4]
                            - 0x000010    0x10

"P2", part 1 of 2:                         0x1
  P2 s0                       0x000010     0x1  <Init block>
    .near.data       inited   0x000010     0x1  AD7798.o [1]
                            - 0x000011     0x1

"P2", part 2 of 2:                        0x1a
  .near.bss          zero     0x000011     0xa  stm8s_it.o [1]
  .near.bss          zero     0x00001b     0x4  stm8s_it.o [1]
  .near.bss          zero     0x00001f     0x4  stm8s_it.o [1]
  .near.bss          zero     0x000023     0x2  stm8s_it.o [1]
  .near.bss          zero     0x000025     0x2  stm8s_it.o [1]
  .near.bss          zero     0x000027     0x2  stm8s_it.o [1]
  .near.bss          zero     0x000029     0x2  stm8s_it.o [1]
                            - 0x00002b    0x1a

"A2":                                    0x100
  CSTACK                      0x000300   0x100  <Block>
    CSTACK           uninit   0x000300   0x100  <Block tail>
                            - 0x000400   0x100

"A3":                                     0x80
  INTVEC                      0x008000    0x80  <Block>
    .intvec          const    0x008000    0x80  interrupt.o [4]
                            - 0x008080    0x80

"P3":                                   0x199e
  .near_func.text    ro code  0x008080   0x41e  float.o [4]
  .near_func.text    ro code  0x00849e   0x223  stm8s_uart1.o [1]
  .near_func.text    ro code  0x0086c1   0x1a0  long.o [4]
  .near_func.text    ro code  0x008861   0x120  stm8s_it.o [1]
  .near_func.text    ro code  0x008981   0x114  stm8s_gpio.o [1]
  .near_func.text    ro code  0x008a95   0x112  vreg_util.o [4]
  .near_func.text    ro code  0x008ba7    0xe3  AD7798.o [1]
  .near_func.text    ro code  0x008c8a    0xde  stm8s_clk.o [1]
  .near_func.text    ro code  0x008d68    0xdb  stm8s_it.o [1]
  .near_func.text    ro code  0x008e43    0xd5  stm8s_uart1.o [1]
  .near_func.text    ro code  0x008f18    0x9e  stm8s_uart1.o [1]
  .near_func.text    ro code  0x008fb6    0x99  stm8s_tim1.o [1]
  .near_func.text    ro code  0x00904f    0x84  spi.o [1]
  .near_func.text    ro code  0x0090d3    0x81  spi.o [1]
  .near_func.text    ro code  0x009154    0x7a  AD7798.o [1]
  .near_func.text    ro code  0x0091ce    0x67  delay.o [1]
  .near_func.text    ro code  0x009235    0x66  stm8s_tim1.o [1]
  .near_func.text    ro code  0x00929b    0x5d  stm8s_clk.o [1]
  .near_func.text    ro code  0x0092f8    0x5a  AD7798.o [1]
  .near_func.text    ro code  0x009352    0x5a  AD7798.o [1]
  .near_func.text    ro code  0x0093ac    0x58  AD7798.o [1]
  .near_func.text    ro code  0x009404    0x51  AD7798.o [1]
  .near_func.text    ro code  0x009455    0x50  AD7798.o [1]
  .near_func.text    ro code  0x0094a5    0x4e  stm8s_tim1.o [1]
  .near_func.text    ro code  0x0094f3    0x4d  AD7798.o [1]
  .near_func.text    ro code  0x009540    0x4c  uart.o [1]
  .near_func.text    ro code  0x00958c    0x47  long_util.o [4]
  .near_func.text    ro code  0x0095d3    0x40  stm8s_it.o [1]
  .near_func.text    ro code  0x009613    0x3d  stm8s_clk.o [1]
  .near_func.text    ro code  0x009650    0x38  spi.o [1]
  .near_func.text    ro code  0x009688    0x36  stm8s_uart1.o [1]
  .near_func.text    ro code  0x0096be    0x30  AD7798.o [1]
  .near_func.text    ro code  0x0096ee    0x2f  stm8s_tim1.o [1]
  .near_func.text    ro code  0x00971d    0x2f  stm8s_tim1.o [1]
  .near_func.text    ro code  0x00974c    0x2e  tim1.o [1]
  .near_func.text    ro code  0x00977a    0x2d  stm8s_uart1.o [1]
  .near_func.text    ro code  0x0097a7    0x2c  dc_util.o [4]
  .near.rodata       const    0x0097d3    0x2b  stm8s_uart1.o [1]
  .near.rodata       const    0x0097fe    0x2a  stm8s_gpio.o [1]
  .near.rodata       const    0x009828    0x2a  stm8s_tim1.o [1]
  .near.rodata       const    0x009852    0x29  stm8s_clk.o [1]
  .near_func.text    ro code  0x00987b    0x28  init_small.o [4]
  .near_func.text    ro code  0x0098a3    0x22  stm8s_tim1.o [1]
  .near_func.text    ro code  0x0098c5    0x17  init.o [4]
  .iar.init_table    const    0x0098dc    0x12  - Linker created -
  .near_func.text    ro code  0x0098ee    0x20  AD7798.o [1]
  .near_func.text    ro code  0x00990e    0x1e  init_small.o [4]
  .near_func.text    ro code  0x00992c    0x1c  main.o [1]
  .near_func.text    ro code  0x009948    0x1a  delay.o [1]
  .near_func.text    ro code  0x009962    0x14  __dbg_xxexit.o [3]
  .near_func.text    ro code  0x009976    0x13  cstartup.o [4]
  .near_func.text    ro code  0x009989    0x13  short.o [4]
  .near_func.text    ro code  0x00999c     0xf  stm8s_tim1.o [1]
  .near_func.text    ro code  0x0099ab     0xd  stm8s_uart1.o [1]
  .near_func.text    ro code  0x0099b8     0xd  move.o [4]
  .near_func.text    ro code  0x0099c5     0xc  led.o [1]
  .near.rodata       const    0x0099d1     0x5  AD7798.o [1]
  .near.rodata       const    0x0099d6     0x5  AD7798.o [1]
  .near.rodata       const    0x0099db     0x5  AD7798.o [1]
  .near_func.text    ro code  0x0099e0     0x5  cexit.o [4]
  .near.rodata       const    0x0099e5     0x4  stm8s_clk.o [1]
  .near_func.text    ro code  0x0099e9     0x4  stm8s_gpio.o [1]
  .near_func.text    ro code  0x0099ed     0x4  stm8s_uart1.o [1]
  .near_func.text    ro code  0x0099f1     0x4  stm8s_uart1.o [1]
  .near_func.text    ro code  0x0099f5     0x3  stm8s_gpio.o [1]
  .near_func.text    ro code  0x0099f8     0x3  stm8s_gpio.o [1]
  .near_func.text    ro code  0x0099fb     0x3  interrupt.o [4]
  .near_func.text    ro code  0x0099fe     0x3  low_level_init.o [4]
  .near_func.text    ro code  0x009a01     0x3  exit.o [4]
  .near_func.text    ro code  0x009a04     0x3  unhandled_exception.o [4]
  .near_func.text    ro code  0x009a07     0x2  delay.o [1]
  .near_func.text    ro code  0x009a09     0x2  main.o [1]
  .near_func.text    ro code  0x009a0b     0x1  stm8s_it.o [1]
  .near_func.text    ro code  0x009a0c     0x1  stm8s_it.o [1]
  .near_func.text    ro code  0x009a0d     0x1  stm8s_it.o [1]
  .near_func.text    ro code  0x009a0e     0x1  stm8s_it.o [1]
  .near_func.text    ro code  0x009a0f     0x1  stm8s_it.o [1]
  .near_func.text    ro code  0x009a10     0x1  stm8s_it.o [1]
  .near_func.text    ro code  0x009a11     0x1  stm8s_it.o [1]
  .near_func.text    ro code  0x009a12     0x1  stm8s_it.o [1]
  .near_func.text    ro code  0x009a13     0x1  stm8s_it.o [1]
  .near_func.text    ro code  0x009a14     0x1  stm8s_it.o [1]
  .near_func.text    ro code  0x009a15     0x1  stm8s_it.o [1]
  .near_func.text    ro code  0x009a16     0x1  stm8s_it.o [1]
  .near_func.text    ro code  0x009a17     0x1  stm8s_it.o [1]
  .near_func.text    ro code  0x009a18     0x1  stm8s_it.o [1]
  .near_func.text    ro code  0x009a19     0x1  stm8s_it.o [1]
  .near_func.text    ro code  0x009a1a     0x1  stm8s_it.o [1]
  .near_func.text    ro code  0x009a1b     0x1  stm8s_it.o [1]
  .near_func.text    ro code  0x009a1c     0x1  __dbg_break.o [3]
  Initializer bytes  ro data  0x009a1d     0x1  <for P2 s0>
                            - 0x009a1e  0x199e


*******************************************************************************
*** INIT TABLE
***

          Address   Size
          -------   ----
Zero (__iar_zero_init2)
    1 destination range, total size 0x1a:
          0x000011  0x1a

Copy (__iar_copy_init2)
    1 source range, total size 0x1:
          0x009a1d   0x1
    1 destination range, total size 0x1:
          0x000010   0x1


*******************************************************************************
*** MODULE SUMMARY
***

    Module                 ro code  ro data  rw data
    ------                 -------  -------  -------
E:\Desktop\J19B_4E\Debug\Obj: [1]
    AD7798.o                   935       16        1
    delay.o                    131
    led.o                       12
    main.o                      30
    spi.o                      317
    stm8s_clk.o                376       45
    stm8s_gpio.o               286       42
    stm8s_it.o                 588                26
    stm8s_tim1.o               476       42
    stm8s_uart1.o            1 038       43
    tim1.o                      46
    uart.o                      76
    ------------------------------------------------
    Total:                   4 311      188       27

command line: [2]
    ------------------------------------------------
    Total:

dbgstm8smd.a: [3]
    __dbg_break.o                1
    __dbg_xxexit.o              20
    ------------------------------------------------
    Total:                      21

dlstm8smf.a: [4]
    cexit.o                      5
    cstartup.o                  19
    dc_util.o                   44
    exit.o                       3
    float.o                  1 054
    init.o                      23
    init_small.o                70
    interrupt.o                  3      128
    long.o                     416
    long_util.o                 71
    low_level_init.o             3
    move.o                      13
    short.o                     19
    unhandled_exception.o        3
    vreg_util.o                274
    vregs.o                                       16
    ------------------------------------------------
    Total:                   2 020      128       16

    Linker created                       18      256
----------------------------------------------------
    Grand Total:             6 352      334      299


*******************************************************************************
*** ENTRY LIST
***

Entry                    Address   Size  Type      Object
-----                    -------   ----  ----      ------
?add32_l0_l0_0x         0x0086c4         Code  Gb  long.o [4]
?add32_l0_l0_l1         0x0086c1         Code  Gb  long.o [4]
?and32_l0_l0_0x         0x0087f9         Code  Gb  long.o [4]
?and32_l0_l0_l1         0x0087f6         Code  Gb  long.o [4]
?b0                     0x000000         Data  Gb  vregs.o [4]
?b1                     0x000001         Data  Gb  vregs.o [4]
?b10                    0x00000a         Data  Gb  vregs.o [4]
?b11                    0x00000b         Data  Gb  vregs.o [4]
?b12                    0x00000c         Data  Gb  vregs.o [4]
?b13                    0x00000d         Data  Gb  vregs.o [4]
?b14                    0x00000e         Data  Gb  vregs.o [4]
?b15                    0x00000f         Data  Gb  vregs.o [4]
?b2                     0x000002         Data  Gb  vregs.o [4]
?b3                     0x000003         Data  Gb  vregs.o [4]
?b4                     0x000004         Data  Gb  vregs.o [4]
?b5                     0x000005         Data  Gb  vregs.o [4]
?b6                     0x000006         Data  Gb  vregs.o [4]
?b7                     0x000007         Data  Gb  vregs.o [4]
?b8                     0x000008         Data  Gb  vregs.o [4]
?b9                     0x000009         Data  Gb  vregs.o [4]
?dc32_l0                0x0097ae         Code  Gb  dc_util.o [4]
?dc32_l1                0x0097bb         Code  Gb  dc_util.o [4]
?dc32_px                0x0097c8         Code  Gb  dc_util.o [4]
?dc8_px                 0x0097a7         Code  Gb  dc_util.o [4]
?e0                     0x000001         Data  Gb  vregs.o [4]
?e1                     0x000005         Data  Gb  vregs.o [4]
?e2                     0x000009         Data  Gb  vregs.o [4]
?e3                     0x00000d         Data  Gb  vregs.o [4]
?epilogue_l2            0x008b30         Code  Gb  vreg_util.o [4]
?epilogue_l2_l3         0x008b2d         Code  Gb  vreg_util.o [4]
?epilogue_l2_w6         0x008b34         Code  Gb  vreg_util.o [4]
?epilogue_w4            0x008b3b         Code  Gb  vreg_util.o [4]
?fadd32_l0_l0_dc32      0x00809d         Code  Gb  float.o [4]
?fadd32_l0_l0_l1        0x0080a2         Code  Gb  float.o [4]
?fcastf32u32_l0_l0      0x008358         Code  Gb  float.o [4]
?fcasts16f32_x_l0       0x008323         Code  Gb  float.o [4]
?fcmpge32_c_l0_0x       0x0082cb         Code  Gb  float.o [4]
?fcmpge32_c_l0_dc32     0x0082c6         Code  Gb  float.o [4]
?fdiv32_l0_l0_dc32      0x008213         Code  Gb  float.o [4]
?fdiv32_l0_l0_l1        0x008218         Code  Gb  float.o [4]
?fmul32_l0_l0_0x        0x008175         Code  Gb  float.o [4]
?fmul32_l0_l0_dc32      0x008170         Code  Gb  float.o [4]
?fmul32_l0_l0_l1        0x008178         Code  Gb  float.o [4]
?l0                     0x000000         Data  Gb  vregs.o [4]
?l1                     0x000004         Data  Gb  vregs.o [4]
?l2                     0x000008         Data  Gb  vregs.o [4]
?l3                     0x00000c         Data  Gb  vregs.o [4]
?load32_0x_l0           0x0095c5         Code  Gb  long_util.o [4]
?load32_asp_l0          0x0095b9         Code  Gb  long_util.o [4]
?load32_dbsp_l0         0x0095b4         Code  Gb  long_util.o [4]
?load32_l0_0x           0x00959c         Code  Gb  long_util.o [4]
?load32_l0_asp          0x009591         Code  Gb  long_util.o [4]
?load32_l0_dbsp         0x00958c         Code  Gb  long_util.o [4]
?load32_l0_xsp          0x009593         Code  Gb  long_util.o [4]
?load32_l1_0x           0x0095a8         Code  Gb  long_util.o [4]
?load32_xsp_l0          0x0095bb         Code  Gb  long_util.o [4]
?mov_e0_e1              0x008b42         Code  Gb  vreg_util.o [4]
?mov_e0_e2              0x008b4f         Code  Gb  vreg_util.o [4]
?mov_e0_e3              0x008b5c         Code  Gb  vreg_util.o [4]
?mov_e1_e0              0x008b69         Code  Gb  vreg_util.o [4]
?mov_e1_e2              0x008b76         Code  Gb  vreg_util.o [4]
?mov_e1_e3              0x008b83         Code  Gb  vreg_util.o [4]
?mov_e2_e0              0x008b90         Code  Gb  vreg_util.o [4]
?mov_e3_e0              0x008b9d         Code  Gb  vreg_util.o [4]
?mov_l0_l1              0x008b3f         Code  Gb  vreg_util.o [4]
?mov_l0_l2              0x008b4c         Code  Gb  vreg_util.o [4]
?mov_l0_l3              0x008b59         Code  Gb  vreg_util.o [4]
?mov_l1_l0              0x008b66         Code  Gb  vreg_util.o [4]
?mov_l1_l2              0x008b73         Code  Gb  vreg_util.o [4]
?mov_l1_l3              0x008b80         Code  Gb  vreg_util.o [4]
?mov_l2_l0              0x008b8d         Code  Gb  vreg_util.o [4]
?mov_l3_l0              0x008b9a         Code  Gb  vreg_util.o [4]
?mov_w1_w3              0x008b45         Code  Gb  vreg_util.o [4]
?mov_w1_w5              0x008b52         Code  Gb  vreg_util.o [4]
?mov_w1_w7              0x008b5f         Code  Gb  vreg_util.o [4]
?mov_w3_w1              0x008b6c         Code  Gb  vreg_util.o [4]
?mov_w3_w5              0x008b79         Code  Gb  vreg_util.o [4]
?mov_w3_w7              0x008b86         Code  Gb  vreg_util.o [4]
?mov_w5_w1              0x008b93         Code  Gb  vreg_util.o [4]
?mov_w7_w1              0x008ba0         Code  Gb  vreg_util.o [4]
?move1616_v_x_y_a       0x0099b8         Code  Gb  move.o [4]
?mul32_l0_l0_0x         0x0086fa         Code  Gb  long.o [4]
?mul32_l0_l0_dl         0x0086f7         Code  Gb  long.o [4]
?mul32_l0_l0_l1         0x008703         Code  Gb  long.o [4]
?or32_l0_l0_0x          0x008814         Code  Gb  long.o [4]
?or32_l0_l0_l1          0x008811         Code  Gb  long.o [4]
?pop_l0                 0x008af9         Code  Gb  vreg_util.o [4]
?pop_l1                 0x008b04         Code  Gb  vreg_util.o [4]
?pop_l2                 0x008b0f         Code  Gb  vreg_util.o [4]
?pop_l3                 0x008b1a         Code  Gb  vreg_util.o [4]
?pop_w4                 0x008ab2         Code  Gb  vreg_util.o [4]
?pop_w6                 0x008ab9         Code  Gb  vreg_util.o [4]
?push_l0                0x008ac8         Code  Gb  vreg_util.o [4]
?push_l1                0x008acd         Code  Gb  vreg_util.o [4]
?push_l2                0x008ad2         Code  Gb  vreg_util.o [4]
?push_l3                0x008ad7         Code  Gb  vreg_util.o [4]
?push_w4                0x008a95         Code  Gb  vreg_util.o [4]
?push_w6                0x008a9a         Code  Gb  vreg_util.o [4]
?sext32_l0_x            0x008856         Code  Gb  long.o [4]
?sll16_x_x_4            0x009992         Code  Gb  short.o [4]
?sll16_x_x_5            0x009991         Code  Gb  short.o [4]
?sll16_x_x_a            0x009989         Code  Gb  short.o [4]
?sll32_0x_0x_a          0x008833         Code  Gb  long.o [4]
?sll32_l0_l0_a          0x008830         Code  Gb  long.o [4]
?sll32_l0_l0_db         0x00882c         Code  Gb  long.o [4]
?srl16_x_x_4            0x009997         Code  Gb  short.o [4]
?srl32_0x_0x_a          0x008848         Code  Gb  long.o [4]
?srl32_l0_l0_a          0x008845         Code  Gb  long.o [4]
?srl32_l0_l0_db         0x008841         Code  Gb  long.o [4]
?sub32_l0_l0_0x         0x0086df         Code  Gb  long.o [4]
?sub32_l0_l0_l1         0x0086dc         Code  Gb  long.o [4]
?udiv32_l0_dl_l1        0x008781         Code  Gb  long.o [4]
?udiv32_l0_l0_dl        0x008786         Code  Gb  long.o [4]
?udiv32_l0_l0_l1        0x008789         Code  Gb  long.o [4]
?umod32_l1_l0_l1        0x008789         Code  Gb  long.o [4]
?w0                     0x000000         Data  Gb  vregs.o [4]
?w1                     0x000002         Data  Gb  vregs.o [4]
?w2                     0x000004         Data  Gb  vregs.o [4]
?w3                     0x000006         Data  Gb  vregs.o [4]
?w4                     0x000008         Data  Gb  vregs.o [4]
?w5                     0x00000a         Data  Gb  vregs.o [4]
?w6                     0x00000c         Data  Gb  vregs.o [4]
?w7                     0x00000e         Data  Gb  vregs.o [4]
AD7798_GetRegisterValue
                        0x008ba7   0xe3  Code  Gb  AD7798.o [1]
AD7798_Init             0x0092f8   0x5a  Code  Gb  AD7798.o [1]
AD7798_Ready            0x0098ee   0x20  Code  Gb  AD7798.o [1]
AD7798_Reset            0x0096be   0x30  Code  Gb  AD7798.o [1]
AD7798_SetChannel       0x0094f3   0x4d  Code  Gb  AD7798.o [1]
AD7798_SetCodingMode    0x009352   0x5a  Code  Gb  AD7798.o [1]
AD7798_SetGain          0x009404   0x51  Code  Gb  AD7798.o [1]
AD7798_SetMode          0x009455   0x50  Code  Gb  AD7798.o [1]
AD7798_SetReference     0x0093ac   0x58  Code  Gb  AD7798.o [1]
AD7798_SetRegisterValue
                        0x009154   0x7a  Code  Gb  AD7798.o [1]
ADC1_IRQHandler         0x009a19    0x1  Code  Gb  stm8s_it.o [1]
AWU_IRQHandler          0x009a0d    0x1  Code  Gb  stm8s_it.o [1]
CLK_GetClockFreq        0x00929b   0x5d  Code  Gb  stm8s_clk.o [1]
CLK_HSIPrescalerConfig  0x009613   0x3d  Code  Gb  stm8s_clk.o [1]
CLK_IRQHandler          0x009a0e    0x1  Code  Gb  stm8s_it.o [1]
CLK_PeripheralClockConfig
                        0x008c8a   0xde  Code  Gb  stm8s_clk.o [1]
CSTACK$$Base            0x000300          --   Gb  - Linker created -
CSTACK$$Limit           0x000400          --   Gb  - Linker created -
Delay_10us              0x0091ce   0x67  Code  Gb  delay.o [1]
Delay_1us               0x009a07    0x2  Code  Gb  delay.o [1]
Delay_ms                0x009948   0x1a  Code  Gb  delay.o [1]
EEPROM_EEC_IRQHandler   0x009a1b    0x1  Code  Gb  stm8s_it.o [1]
EXTI_PORTA_IRQHandler   0x009a0f    0x1  Code  Gb  stm8s_it.o [1]
EXTI_PORTB_IRQHandler   0x009a10    0x1  Code  Gb  stm8s_it.o [1]
EXTI_PORTC_IRQHandler   0x009a11    0x1  Code  Gb  stm8s_it.o [1]
EXTI_PORTD_IRQHandler   0x009a12    0x1  Code  Gb  stm8s_it.o [1]
EXTI_PORTE_IRQHandler   0x009a13    0x1  Code  Gb  stm8s_it.o [1]
GPIO_Init               0x008981  0x114  Code  Gb  stm8s_gpio.o [1]
GPIO_WriteHigh          0x0099f5    0x3  Code  Gb  stm8s_gpio.o [1]
GPIO_WriteLow           0x0099e9    0x4  Code  Gb  stm8s_gpio.o [1]
GPIO_WriteReverse       0x0099f8    0x3  Code  Gb  stm8s_gpio.o [1]
HSIDivFactor            0x0099e5    0x4  Data  Gb  stm8s_clk.o [1]
I2C_IRQHandler          0x009a18    0x1  Code  Gb  stm8s_it.o [1]
INTVEC$$Base            0x008000          --   Gb  - Linker created -
INTVEC$$Limit           0x008080          --   Gb  - Linker created -
LED_conf                0x0099c5    0xc  Code  Gb  led.o [1]
Region$$Table$$Base     0x0098dc          --   Gb  - Linker created -
Region$$Table$$Limit    0x0098ee          --   Gb  - Linker created -
SPI_IRQHandler          0x009a14    0x1  Code  Gb  stm8s_it.o [1]
SPI_Read                0x0090d3   0x81  Code  Gb  spi.o [1]
SPI_Write               0x00904f   0x84  Code  Gb  spi.o [1]
SPI_conf                0x009650   0x38  Code  Gb  spi.o [1]
TIM1_ARRPreloadConfig   0x00971d   0x2f  Code  Gb  stm8s_tim1.o [1]
TIM1_CAP_COM_IRQHandler
                        0x009a15    0x1  Code  Gb  stm8s_it.o [1]
TIM1_ClearITPendingBit  0x0098a3   0x22  Code  Gb  stm8s_tim1.o [1]
TIM1_Cmd                0x0096ee   0x2f  Code  Gb  stm8s_tim1.o [1]
TIM1_DeInit             0x008fb6   0x99  Code  Gb  stm8s_tim1.o [1]
TIM1_ITConfig           0x0094a5   0x4e  Code  Gb  stm8s_tim1.o [1]
TIM1_SetCounter         0x00999c    0xf  Code  Gb  stm8s_tim1.o [1]
TIM1_TimeBaseInit       0x009235   0x66  Code  Gb  stm8s_tim1.o [1]
TIM1_UPD_OVF_TRG_BRK_IRQHandler
                        0x008861  0x120  Code  Gb  stm8s_it.o [1]
TIM2_CAP_COM_IRQHandler
                        0x009a17    0x1  Code  Gb  stm8s_it.o [1]
TIM2_UPD_OVF_BRK_IRQHandler
                        0x009a16    0x1  Code  Gb  stm8s_it.o [1]
TIM4_UPD_OVF_IRQHandler
                        0x009a1a    0x1  Code  Gb  stm8s_it.o [1]
TLI_IRQHandler          0x009a0c    0x1  Code  Gb  stm8s_it.o [1]
TRAP_IRQHandler         0x009a0b    0x1  Code  Gb  stm8s_it.o [1]
UART1_ClearITPendingBit
                        0x009688   0x36  Code  Gb  stm8s_uart1.o [1]
UART1_Cmd               0x0099ab    0xd  Code  Gb  stm8s_uart1.o [1]
UART1_DeInit            0x00977a   0x2d  Code  Gb  stm8s_uart1.o [1]
UART1_GetFlagStatus     0x008f18   0x9e  Code  Gb  stm8s_uart1.o [1]
UART1_ITConfig          0x008e43   0xd5  Code  Gb  stm8s_uart1.o [1]
UART1_Init              0x00849e  0x223  Code  Gb  stm8s_uart1.o [1]
UART1_RX_IRQHandler     0x008d68   0xdb  Code  Gb  stm8s_it.o [1]
UART1_ReceiveData8      0x0099ed    0x4  Code  Gb  stm8s_uart1.o [1]
UART1_SendData8         0x0099f1    0x4  Code  Gb  stm8s_uart1.o [1]
UART1_TX_IRQHandler     0x0095d3   0x40  Code  Gb  stm8s_it.o [1]
UART_Config             0x009540   0x4c  Code  Gb  uart.o [1]
__DebugBreak            0x009a1c    0x1  Code  Gb  __dbg_break.o [3]
__exit                  0x009962   0x14  Code  Gb  __dbg_xxexit.o [3]
__iar_copy_init2        0x00987b         Code  Gb  init_small.o [4]
__iar_data_init2        0x0098c5   0x17  Code  Gb  init.o [4]
__iar_program_start     0x009976         Code  Gb  cstartup.o [4]
__iar_unhandled_exception
                        0x009a04         Code  Gb  unhandled_exception.o [4]
__iar_zero_init2        0x00990e         Code  Gb  init_small.o [4]
__intvec                0x008000         Data  Gb  interrupt.o [4]
__low_level_init        0x0099fe    0x3  Code  Gb  low_level_init.o [4]
_exit                   0x0099e0         Code  Gb  cexit.o [4]
_interrupt_1            0x009a0b         Code  Gb  stm8s_it.o [1]
_interrupt_10           0x0099fb         Code  Wk  interrupt.o [4]
_interrupt_11           0x0099fb         Code  Wk  interrupt.o [4]
_interrupt_12           0x009a14         Code  Gb  stm8s_it.o [1]
_interrupt_13           0x008861         Code  Gb  stm8s_it.o [1]
_interrupt_14           0x009a15         Code  Gb  stm8s_it.o [1]
_interrupt_15           0x009a16         Code  Gb  stm8s_it.o [1]
_interrupt_16           0x009a17         Code  Gb  stm8s_it.o [1]
_interrupt_17           0x0099fb         Code  Wk  interrupt.o [4]
_interrupt_18           0x0099fb         Code  Wk  interrupt.o [4]
_interrupt_19           0x0095d3         Code  Gb  stm8s_it.o [1]
_interrupt_2            0x009a0c         Code  Gb  stm8s_it.o [1]
_interrupt_20           0x008d68         Code  Gb  stm8s_it.o [1]
_interrupt_21           0x009a18         Code  Gb  stm8s_it.o [1]
_interrupt_22           0x0099fb         Code  Wk  interrupt.o [4]
_interrupt_23           0x0099fb         Code  Wk  interrupt.o [4]
_interrupt_24           0x009a19         Code  Gb  stm8s_it.o [1]
_interrupt_25           0x009a1a         Code  Gb  stm8s_it.o [1]
_interrupt_26           0x009a1b         Code  Gb  stm8s_it.o [1]
_interrupt_27           0x0099fb         Code  Wk  interrupt.o [4]
_interrupt_28           0x0099fb         Code  Wk  interrupt.o [4]
_interrupt_29           0x0099fb         Code  Wk  interrupt.o [4]
_interrupt_3            0x009a0d         Code  Gb  stm8s_it.o [1]
_interrupt_30           0x0099fb         Code  Wk  interrupt.o [4]
_interrupt_31           0x0099fb         Code  Wk  interrupt.o [4]
_interrupt_4            0x009a0e         Code  Gb  stm8s_it.o [1]
_interrupt_5            0x009a0f         Code  Gb  stm8s_it.o [1]
_interrupt_6            0x009a10         Code  Gb  stm8s_it.o [1]
_interrupt_7            0x009a11         Code  Gb  stm8s_it.o [1]
_interrupt_8            0x009a12         Code  Gb  stm8s_it.o [1]
_interrupt_9            0x009a13         Code  Gb  stm8s_it.o [1]
ad_data                 0x00001f    0x4  Data  Gb  stm8s_it.o [1]
assert_failed           0x009a09    0x2  Code  Gb  main.o [1]
exit                    0x009a01    0x3  Code  Gb  exit.o [4]
i                       0x000025    0x2  Data  Gb  stm8s_it.o [1]
is_rev_flag             0x000023    0x2  Data  Gb  stm8s_it.o [1]
j                       0x000027    0x2  Data  Gb  stm8s_it.o [1]
main                    0x00992c   0x1c  Code  Gb  main.o [1]
raw_data                0x00001b    0x4  Data  Gb  stm8s_it.o [1]
status                  0x000010    0x1  Data  Gb  AD7798.o [1]
sum                     0x000029    0x2  Data  Gb  stm8s_it.o [1]
timer1_Init             0x00974c   0x2e  Code  Gb  tim1.o [1]
tx_buf                  0x000011    0xa  Data  Gb  stm8s_it.o [1]


[1] = E:\Desktop\J19B_4E\Debug\Obj
[2] = command line
[3] = dbgstm8smd.a
[4] = dlstm8smf.a

  6 352 bytes of readonly  code memory
    334 bytes of readonly  data memory
    299 bytes of readwrite data memory

Errors: none
Warnings: none
